
admin@DESKTOP-LSMHKE4 MINGW64 ~/OneDrive/Desktop/github work/4.18.18 10.25 pm ionic pract/BarcodeScanner
$ lsls
bash: lsls: command not found

admin@DESKTOP-LSMHKE4 MINGW64 ~/OneDrive/Desktop/github work/4.18.18 10.25 pm ionic pract/BarcodeScanner
$ ls

admin@DESKTOP-LSMHKE4 MINGW64 ~/OneDrive/Desktop/github work/4.18.18 10.25 pm ionic pract/BarcodeScanner
$ pwd
/c/Users/patri/OneDrive/Desktop/github work/4.18.18 10.25 pm ionic pract/BarcodeScanner

admin@DESKTOP-LSMHKE4 MINGW64 ~/OneDrive/Desktop/github work/4.18.18 10.25 pm ionic pract/BarcodeScanner
$ git init
Initialized empty Git repository in c:/Users/patri/OneDrive/Desktop/github work/4.18.18 10.25 pm ionic pract/BarcodeScanner/.git/

admin@DESKTOP-LSMHKE4 MINGW64 ~/OneDrive/Desktop/github work/4.18.18 10.25 pm ionic pract/BarcodeScanner (master)
$ git status
On branch master

No commits yet

nothing to commit (create/copy files and use "git add" to track)

admin@DESKTOP-LSMHKE4 MINGW64 ~/OneDrive/Desktop/github work/4.18.18 10.25 pm ionic pract/BarcodeScanner (master)
$ ionic start BarcodeScanner blank
v Creating directory .\BarcodeScanner - done!
v Downloading and extracting blank starter - done!

? Would you like to integrate your new app with Cordova to target native iOS and Android? Yes
v Personalizing ionic.config.json and package.json - done!
> ionic integrations enable cordova --quiet
v Downloading integration cordova - done!
v Copying integrations files to project - done!
[OK] Added cordova integration!
[ERROR] Error with .\BarcodeScanner\node_modules\ionic-angular\package.json file: FILE_NOT_FOUND
[ERROR] Error with .\BarcodeScanner\node_modules\@ionic\app-scripts\package.json file: FILE_NOT_FOUND

Installing dependencies may take several minutes.

  *   IONIC  DEVAPP  *

 Speed up development with the Ionic DevApp, our fast, on-device testing mobile app

  -     Test on iOS and Android without Native SDKs
  -     LiveReload for instant style and JS updates

 ?-->    Install DevApp: https://bit.ly/ionic-dev-app    <--

> npm i
v Running command - done!
> git init

  *   IONIC  PRO  *

 Supercharge your Ionic development with the Ionic Pro SDK

  -     Track runtime errors in real-time, back to your original TypeScript
  -     Push remote updates and skip the app store queue

Learn more about Ionic Pro: https://ionicframework.com/products

? Install the free Ionic Pro SDK and connect your app? No

-----------------------------------

> git add -A
> git commit -m "Initial commit" --no-gpg-sign

Next Steps:
* Go to your newly created project: cd .\BarcodeScanner
* Get Ionic DevApp for easy device testing: https://bit.ly/ionic-dev-app


admin@DESKTOP-LSMHKE4 MINGW64 ~/OneDrive/Desktop/github work/4.18.18 10.25 pm ionic pract/BarcodeScanner (master)
$ ls
BarcodeScanner

admin@DESKTOP-LSMHKE4 MINGW64 ~/OneDrive/Desktop/github work/4.18.18 10.25 pm ionic pract/BarcodeScanner (master)
$ cd BarcodeScanner/

admin@DESKTOP-LSMHKE4 MINGW64 ~/OneDrive/Desktop/github work/4.18.18 10.25 pm ionic pract/BarcodeScanner/BarcodeScanner (master)
$ ls
config.xml  ionic.config.json  node_modules  package.json  package-lock.json  resources  src  tsconfig.json  tslint.json

admin@DESKTOP-LSMHKE4 MINGW64 ~/OneDrive/Desktop/github work/4.18.18 10.25 pm ionic pract/BarcodeScanner/BarcodeScanner (master)
$ npm install
npm WARN optional SKIPPING OPTIONAL DEPENDENCY: fsevents@1.1.3 (node_modules\fsevents):
npm WARN notsup SKIPPING OPTIONAL DEPENDENCY: Unsupported platform for fsevents@1.1.3: wanted {"os":"darwin","arch":"any"} (current: {"os":"win32","arch":"x64"})

up to date in 16.415s

admin@DESKTOP-LSMHKE4 MINGW64 ~/OneDrive/Desktop/github work/4.18.18 10.25 pm ionic pract/BarcodeScanner/BarcodeScanner (master)
$ ls
config.xml  ionic.config.json  node_modules  package.json  package-lock.json  resources  src  tsconfig.json  tslint.json

admin@DESKTOP-LSMHKE4 MINGW64 ~/OneDrive/Desktop/github work/4.18.18 10.25 pm ionic pract/BarcodeScanner/BarcodeScanner (master)
$ ionic start

? You are already in an Ionic project directory. Do you really want to start another project here? No
Not starting project within existing project.

admin@DESKTOP-LSMHKE4 MINGW64 ~/OneDrive/Desktop/github work/4.18.18 10.25 pm ionic pract/BarcodeScanner/BarcodeScanner (master)
$ ionic serve
Starting app-scripts server: --address 0.0.0.0 --port 8100 --livereload-port 35729 --dev-logger-port 53703 --nobrowser -
Ctrl+C to cancel
[01:45:07]  watch started ...
[01:45:07]  build dev started ...
[01:45:07]  clean started ...
[01:45:07]  clean finished in 7 ms
[01:45:07]  copy started ...
[01:45:08]  deeplinks started ...
[01:45:08]  deeplinks finished in 16 ms
[01:45:08]  transpile started ...
[01:45:13]  transpile finished in 5.57 s
[01:45:13]  preprocess started ...
[01:45:13]  preprocess finished in 1 ms
[01:45:13]  webpack started ...
[01:45:13]  copy finished in 6.00 s
[01:45:23]  webpack finished in 9.36 s
[01:45:23]  sass started ...
Without `from` option PostCSS could generate wrong source map and will not find Browserslist config. Set it to CSS file path or to `undefined` to prevent this warning.
[01:45:25]  sass finished in 2.00 s
[01:45:25]  postprocess started ...
[01:45:25]  postprocess finished in 30 ms
[01:45:25]  lint started ...
[01:45:25]  build dev finished in 17.67 s
[01:45:25]  watch ready in 18.05 s
[01:45:25]  dev server running: http://localhost:8100/

[OK] Development server running!
     Local: http://localhost:8100
     External: http://192.168.254.17:8100
     DevApp: BarcodeScanner@8100 on DESKTOP-LSMHKE4

[01:45:31]  lint finished in 6.67 s

admin@DESKTOP-LSMHKE4 MINGW64 ~/OneDrive/Desktop/github work/4.18.18 10.25 pm ionic pract/BarcodeScanner/BarcodeScanner (master)
$

admin@DESKTOP-LSMHKE4 MINGW64 ~/OneDrive/Desktop/github work/4.18.18 10.25 pm ionic pract/BarcodeScanner/BarcodeScanner (master)
$ ls -la
total 421
drwxr-xr-x 1 admin 197121      0 Apr 19 01:45 .
drwxr-xr-x 1 admin 197121      0 Apr 19 01:40 ..
-rw-r--r-- 1 admin 197121    363 Apr 18 15:23 .editorconfig
drwxr-xr-x 1 admin 197121      0 Apr 19 01:43 .git
-rw-r--r-- 1 admin 197121    438 Apr 18 15:23 .gitignore
drwxr-xr-x 1 admin 197121      0 Apr 19 01:45 .sourcemaps
-rw-r--r-- 1 admin 197121   6186 Apr 19 01:40 config.xml
-rw-r--r-- 1 admin 197121    117 Apr 19 01:40 ionic.config.json
drwxr-xr-x 1 admin 197121      0 Apr 19 01:44 node_modules
-rw-r--r-- 1 admin 197121   1129 Apr 19 01:40 package.json
-rw-r--r-- 1 admin 197121 231170 Apr 19 01:43 package-lock.json
drwxr-xr-x 1 admin 197121      0 Apr 19 01:40 resources
drwxr-xr-x 1 admin 197121      0 Apr 19 01:40 src
-rw-r--r-- 1 admin 197121    519 Apr 18 15:23 tsconfig.json
-rw-r--r-- 1 admin 197121    178 Apr 18 15:23 tslint.json
drwxr-xr-x 1 admin 197121      0 Apr 19 01:45 www

admin@DESKTOP-LSMHKE4 MINGW64 ~/OneDrive/Desktop/github work/4.18.18 10.25 pm ionic pract/BarcodeScanner/BarcodeScanner (master)
$ ionic cordova plugin add phonegap-plugin-barcodescanner
> cordova plugin add phonegap-plugin-barcodescanner --save
Adding phonegap-plugin-barcodescanner to package.json

Saved plugin info for "phonegap-plugin-barcodescanner" to config.xml



admin@DESKTOP-LSMHKE4 MINGW64 ~/OneDrive/Desktop/github work/4.18.18 10.25 pm ionic pract/BarcodeScanner/BarcodeScanner (master)
$ git status
On branch master
Changes not staged for commit:
  (use "git add <file>..." to update what will be committed)
  (use "git checkout -- <file>..." to discard changes in working directory)

        modified:   config.xml
        modified:   package-lock.json
        modified:   package.json

no changes added to commit (use "git add" and/or "git commit -a")

admin@DESKTOP-LSMHKE4 MINGW64 ~/OneDrive/Desktop/github work/4.18.18 10.25 pm ionic pract/BarcodeScanner/BarcodeScanner (master)
$ npm install --save @ionic-native/barcode-scanner
npm WARN optional SKIPPING OPTIONAL DEPENDENCY: fsevents@1.1.3 (node_modules\fsevents):
npm WARN notsup SKIPPING OPTIONAL DEPENDENCY: Unsupported platform for fsevents@1.1.3: wanted {"os":"darwin","arch":"any"} (current: {"os":"win32","arch":"x64"})

+ @ionic-native/barcode-scanner@4.7.0
added 1 package in 19.49s

admin@DESKTOP-LSMHKE4 MINGW64 ~/OneDrive/Desktop/github work/4.18.18 10.25 pm ionic pract/BarcodeScanner/BarcodeScanner (master)
$ ionic cordova run android -l
> cordova platform add android --save
Using cordova-fetch for cordova-android@~7.0.0

Adding android project...

Creating Cordova project for the Android platform:

        Path: platforms\android
        Package: io.ionic.starter
        Name: BarcodeScanner
        Activity: MainActivity
        Android target: android-26
Subproject Path: CordovaLib
Subproject Path: app
Android project created with cordova-android@7.0.0

Android Studio project detected

Android Studio project detected

Installing "phonegap-plugin-barcodescanner" for android

Subproject Path: CordovaLib
Subproject Path: app
Discovered plugin "cordova-plugin-whitelist" in config.xml. Adding it to the project

Installing "cordova-plugin-whitelist" for android


               This plugin is only applicable for versions of cordova-android greater than 4.0. If you have a previous platform version, you do *not* need
this plugin since the whitelist will be built in.


Adding cordova-plugin-whitelist to package.json

Saved plugin info for "cordova-plugin-whitelist" to config.xml

Discovered plugin "cordova-plugin-device" in config.xml. Adding it to the project

Installing "cordova-plugin-device" for android

Adding cordova-plugin-device to package.json

Saved plugin info for "cordova-plugin-device" to config.xml
Discovered plugin "cordova-plugin-splashscreen" in config.xml. Adding it to the project

Installing "cordova-plugin-splashscreen" for android

Adding cordova-plugin-splashscreen to package.json

Saved plugin info for "cordova-plugin-splashscreen" to config.xml

Discovered plugin "cordova-plugin-ionic-webview" in config.xml. Adding it to the project

Installing "cordova-plugin-ionic-webview" for android

Adding cordova-plugin-ionic-webview to package.json

Saved plugin info for "cordova-plugin-ionic-webview" to config.xml

Discovered plugin "cordova-plugin-ionic-keyboard" in config.xml. Adding it to the project

Installing "cordova-plugin-ionic-keyboard" for android

Adding cordova-plugin-ionic-keyboard to package.json

Saved plugin info for "cordova-plugin-ionic-keyboard" to config.xml

--save flag or autosave detected

Saving android@~7.0.0 into config.xml file ...

Starting app-scripts server: --address 0.0.0.0 --port 8100 --livereload-port 35729 --dev-logger-port 53703 --nobrowser
--iscordovaserve --platform android --target cordova - Ctrl+C to cancel
[02:13:25]  watch started ...
[02:13:25]  build dev started ...
[02:13:25]  clean started ...
[02:13:25]  clean finished in 26 ms
[02:13:25]  copy started ...
[02:13:25]  deeplinks started ...
[02:13:25]  deeplinks finished in 20 ms
[02:13:25]  transpile started ...
[02:13:29]  transpile finished in 3.78 s
[02:13:29]  preprocess started ...
[02:13:29]  preprocess finished in less than 1 ms
[02:13:29]  webpack started ...
[02:13:29]  copy finished in 4.18 s
[02:13:39]  webpack finished in 9.90 s
[02:13:39]  sass started ...
Without `from` option PostCSS could generate wrong source map and will not find Browserslist config. Set it to CSS file path or to `undefined` to prevent this warning.
[02:13:41]  sass finished in 2.30 s
[02:13:41]  postprocess started ...
[02:13:41]  postprocess finished in 12 ms
[02:13:41]  lint started ...
[02:13:41]  build dev finished in 16.57 s
[02:13:42]  watch ready in 16.81 s
[02:13:42]  dev server running: http://localhost:8100/

[OK] Development server running!
     Local: http://localhost:8100
     External: http://192.168.254.17:8100


> cordova run android
Android Studio project detected

[02:13:46]  lint finished in 5.51 s
ANDROID_HOME=C:\Users\patri\AppData\Local\Android\sdk
JAVA_HOME=C:\Program Files\java\jdk1.8.0_151
studio
:wrapper


BUILD SUCCESSFUL in 6s
1 actionable task: 1 executed
Subproject Path: CordovaLib
Subproject Path: app
publishNonDefault is deprecated and has no effect anymore. All variants are now published.

Configuration 'compile' in project ':app' is deprecated. Use 'implementation' instead.
The Task.leftShift(Closure) method has been deprecated and is scheduled to be removed in Gradle 5.0. Please use Task.doLast(Action) instead.
        at build_a0o1ue4mlxuhuer0xet2h9ojt.run(C:\Users\patri\OneDrive\Desktop\github work\4.18.18 10.25 pm ionic pract\BarcodeScanner\BarcodeScanner\platforms\android\app\build.gradle:144)

:CordovaLib:preBuild UP-TO-DATE
:CordovaLib:preDebugBuild UP-TO-DATE
:CordovaLib:compileDebugAidl

:CordovaLib:compileDebugRenderscript

:CordovaLib:checkDebugManifest
:CordovaLib:generateDebugBuildConfig

:CordovaLib:prepareLintJar
:CordovaLib:generateDebugResValues

:CordovaLib:generateDebugResources
:CordovaLib:packageDebugResources

:CordovaLib:platformAttrExtractor

:CordovaLib:processDebugManifest

:CordovaLib:javaPreCompileDebug

:CordovaLib:processDebugJavaRes

NO-SOURCE
:app:preBuild UP-TO-DATE
:app:preDebugBuild

:app:compileDebugAidl

:CordovaLib:packageDebugRenderscript

NO-SOURCE
:app:compileDebugRenderscript

:app:checkDebugManifest

:app:generateDebugBuildConfig

:app:prepareLintJar

:app:generateDebugResValues

:app:generateDebugResources
:app:mergeDebugResources

:app:createDebugCompatibleScreenManifests

:app:processDebugManifest

:app:splitsDiscoveryTaskDebug

:app:compileDebugNdk

NO-SOURCE
:CordovaLib:mergeDebugShaders

:CordovaLib:compileDebugShaders

:CordovaLib:generateDebugAssets
:CordovaLib:mergeDebugAssets

:app:mergeDebugShaders

:app:compileDebugShaders

:CordovaLib:processDebugResources

:CordovaLib:generateDebugSources
:CordovaLib:compileDebugJavaWithJavac
Note: Some input files use or override a deprecated API.
Note: Recompile with -Xlint:deprecation for details.

:CordovaLib:transformClassesAndResourcesWithPrepareIntermediateJarsForDebug

:app:processDebugResources

:app:generateDebugSources
:app:javaPreCompileDebug

:app:compileDebugJavaWithJavac
Note: Some input files use or override a deprecated API.
Note: Recompile with -Xlint:deprecation for details.

:app:compileDebugSources
:app:generateDebugAssets
:app:mergeDebugAssets

:app:transformClassesWithStackFramesFixerForDebug

:app:transformClassesWithDesugarForDebug

:app:transformClassesWithDexBuilderForDebug

:app:transformDexArchiveWithExternalLibsDexMergerForDebug

:app:transformDexArchiveWithDexMergerForDebug

:CordovaLib:compileDebugNdk
 NO-SOURCE

:CordovaLib:mergeDebugJniLibFolders

:CordovaLib:transformNativeLibsWithMergeJniLibsForDebug

:CordovaLib:transformNativeLibsWithIntermediateJniLibsForDebug

:app:mergeDebugJniLibFolders

:app:transformNativeLibsWithMergeJniLibsForDebug

:app:processDebugJavaRes

NO-SOURCE
:app:transformResourcesWithMergeJavaResForDebug

:app:validateSigningDebug
:app:packageDebug

:app:assembleDebug
:app:cdvBuildDebug


BUILD SUCCESSFUL in 1m 21s
46 actionable tasks: 46 executed
Built the following apk(s):
        C:\Users\patri\OneDrive\Desktop\github work\4.18.18 10.25 pm ionic pract\BarcodeScanner\BarcodeScanner\platforms\android\app\build\outputs\apk\debug\app-debug.apk

ANDROID_HOME=C:\Users\patri\AppData\Local\Android\sdk
JAVA_HOME=C:\Program Files\java\jdk1.8.0_151
No target specified, deploying to device 'fa844ae7'.

none
Skipping build...
Built the following apk(s):
        C:\Users\patri\OneDrive\Desktop\github work\4.18.18 10.25 pm ionic pract\BarcodeScanner\BarcodeScanner\platforms\android\app\build\outputs\apk\debuork\4.18.18 10.25 pm ionic pract\BarcodeScanner\pkBarcodeScanner\platforms\android\app\build\outputs\apk\debug\app-debug.apk                      b work\4.18.18 10.25 pm ionic pract\BarcodeScanner\BarcodeScanner\platforms\android\app\build\outputs\apk\d                                                g.apk
Using apk: C:\Users\patri\OneDrive\Desktop\github work\4.18.18 10.25 pm ionic pract\BarcodeScanner\BarcodeScanner\platforms\android\app\build\outputs\apk\debug\app-debug.apk

Package name: io.ionic.starter
LAUNCH SUCCESS


[02:17:40]  build started ...
[02:17:40]  deeplinks update started ...
[02:17:40]  deeplinks update finished in 5 ms
[02:17:40]  template update started ...
[02:17:40]  template update finished in 14 ms
[02:17:40]  build finished in 32 ms

[02:17:56]  build started ...
[02:17:56]  deeplinks update started ...
[02:17:56]  deeplinks update finished in 3 ms
[02:17:56]  template update started ...
[02:17:56]  template update finished in 6 ms
[02:17:56]  build finished in 12 ms

[02:18:07]  build started ...
[02:18:07]  deeplinks update started ...
[02:18:07]  deeplinks update finished in 7 ms
[02:18:07]  template update started ...
[02:18:07]  template update finished in 13 ms
[02:18:07]  build finished in 29 ms

[02:18:11]  build started ...
[02:18:11]  deeplinks update started ...
[02:18:11]  deeplinks update finished in 3 ms
[02:18:11]  template update started ...
[02:18:11]  template update finished in 5 ms
[02:18:11]  build finished in 11 ms

[02:18:17]  build started ...
[02:18:17]  deeplinks update started ...
[02:18:17]  deeplinks update finished in 3 ms
[02:18:17]  template update started ...
[02:18:17]  template update finished in 5 ms
[02:18:17]  build finished in 12 ms

[02:18:22]  build started ...
[02:18:22]  deeplinks update started ...
[02:18:22]  deeplinks update finished in 7 ms
[02:18:22]  template update started ...
[02:18:22]  template update finished in 14 ms
[02:18:22]  build finished in 26 ms

[02:18:26]  build started ...
[02:18:26]  deeplinks update started ...
[02:18:26]  deeplinks update finished in 3 ms
[02:18:26]  template update started ...
[02:18:26]  template update finished in 5 ms
[02:18:26]  build finished in 12 ms

[02:18:30]  build started ...
[02:18:30]  deeplinks update started ...
[02:18:30]  deeplinks update finished in 3 ms
[02:18:30]  template update started ...
[02:18:30]  template update finished in 6 ms
[02:18:30]  build finished in 11 ms

[02:18:35]  build started ...
[02:18:35]  deeplinks update started ...
[02:18:35]  deeplinks update finished in 2 ms
[02:18:35]  template update started ...
[02:18:35]  template update finished in 4 ms
[02:18:35]  build finished in 12 ms

[02:18:38]  build started ...
[02:18:38]  deeplinks update started ...
[02:18:38]  deeplinks update finished in 15 ms
[02:18:38]  template update started ...
[02:18:38]  template update finished in 9 ms
[02:18:38]  build finished in 27 ms

[02:18:43]  build started ...
[02:18:43]  deeplinks update started ...
[02:18:43]  deeplinks update finished in 4 ms
[02:18:43]  template update started ...
[02:18:43]  template update finished in 19 ms
[02:18:43]  build finished in 29 ms

[02:19:00]  build started ...
[02:19:00]  deeplinks update started ...
[02:19:00]  deeplinks update finished in 5 ms
[02:19:00]  template update started ...
[02:19:00]  template update finished in 6 ms
[02:19:00]  build finished in 15 ms

[02:19:18]  build started ...
[02:19:18]  deeplinks update started ...
[02:19:18]  deeplinks update finished in 2 ms
[02:19:18]  template update started ...
[02:19:18]  template update finished in 12 ms
[02:19:18]  build finished in 17 ms

[02:19:29]  build started ...
[02:19:29]  deeplinks update started ...
[02:19:29]  deeplinks update finished in 4 ms
[02:19:29]  template update started ...
[02:19:29]  template update finished in 7 ms
[02:19:29]  build finished in 14 ms

[02:19:32]  build started ...
[02:19:32]  deeplinks update started ...
[02:19:32]  deeplinks update finished in 3 ms
[02:19:32]  template update started ...
[02:19:32]  template update finished in 7 ms
[02:19:32]  build finished in 13 ms

[02:19:45]  build started ...
[02:19:45]  deeplinks update started ...
[02:19:45]  deeplinks update finished in 4 ms
[02:19:45]  template update started ...
[02:19:45]  template update finished in 6 ms
[02:19:45]  build finished in 12 ms

[02:19:46]  build started ...
[02:19:46]  deeplinks update started ...
[02:19:46]  deeplinks update finished in 3 ms
[02:19:46]  template update started ...
[02:19:46]  template update finished in 5 ms
[02:19:46]  build finished in 12 ms

[02:20:30]  build started ...
[02:20:30]  deeplinks update started ...
[02:20:30]  deeplinks update finished in 2 ms
[02:20:30]  template update started ...
[02:20:30]  template update finished in 6 ms
[02:20:30]  build finished in 12 ms